// Jest Snapshot v1, https://goo.gl/fbAQLP

exports[`About component matches snapshot DOM node structure 1`] = `
<DocumentFragment>
  <div
    class="container-fluid"
  >
    <div
      class="row"
    >
      <div
        class="mb-3 col-md-6 offset-md-3"
      >
        <div
          class="bg-dark text-white card"
          style="width: 24rem;"
        >
          <img
            alt="Card image"
            class="card-img rounded"
            src="https://external-content.duckduckgo.com/iu/?u=https%3A%2F%2Ftse1.mm.bing.net%2Fth%3Fid%3DOIP.UqmbTVnNzHJt0VRJ2FQwPwHaD5%26pid%3DApi&f=1&ipt=1e636f784b2a86208c855ce17853192dd34c2464047f8803b8b4ba0aa6e5469f&ipo=images/100px270"
          />
          <div
            class="card-img-overlay"
          >
            <div
              class="text-white card-title h5"
            >
               Full Stack Web Developer
            </div>
            <p
              class="card-text"
            />
            <h1>
              Hi, my name is Colin Nebula
            </h1>
            <p />
          </div>
        </div>
        <div
          class="bg-dark text-light shadow-lg card"
          style="width: 24rem;"
        >
          <img
            alt="C Nebula"
            class="card-img-top rounded"
            src="c-nebula.jpg"
          />
          <br />
          <div
            class="card-header"
          >
            Full Stack Developer
          </div>
          <p
            class="card-text"
          >
            As a self starter who loves being part of a team as well, I bring discipline and rigour from my years serving the US Military. This, in addition to my numerous diplomas in digital art, technology, animation, and now coding, have helped me reach my present position where I hope to develop websites.
          </p>
          <div
            class="card-footer"
          />
        </div>
      </div>
    </div>
  </div>
</DocumentFragment>
`;
